Ala	45
Arg	35
Asn	39
Asp	38
Asx	0
Cys	39
Gln	38
Glu	28
Glx	0
Gly	39
His	41
Ile	38
Leu	39
Lys	44
Met	39
Phe	49
Pro	43
Pyl	0
Sec	0
Ser	43
Thr	30
Trp	30
Tyr	43
Val	40
Xle	0
Xxx	0
